// Jest Snapshot v1, https://goo.gl/fbAQLP

exports[`InputField should render content to the DOM 1`] = `
<form
  className="input-form"
>
  <input
    aria-label="district-filter-input-field"
    className="text-input"
    onChange={[Function]}
    placeholder="Search for your school district..."
    value=""
  />
</form>
`;
