// Jest Snapshot v1, https://goo.gl/fbAQLP

exports[`TopArrow should render content to the DOM 1`] = `
<div
  className="top-arrow-container"
>
  <a
    href="#page-top"
  >
    <img
      alt="up-arrow"
      src="./up-arrow.svg"
    />
  </a>
</div>
`;
